#-----------------------------------------------------------
# Vivado v2019.2 (64-bit)
# SW Build 2708876 on Wed Nov  6 21:40:23 MST 2019
# IP Build 2700528 on Thu Nov  7 00:09:20 MST 2019
# Start of session at: Tue Sep 16 07:53:51 2025
# Process ID: 6828
# Current directory: C:/Users/datda/Downloads/jit_intern/i2c_controller
# Command line: vivado.exe -gui_launcher_event rodinguilauncherevent10040 C:\Users\datda\Downloads\jit_intern\i2c_controller\i2c_controller.xpr
# Log file: C:/Users/datda/Downloads/jit_intern/i2c_controller/vivado.log
# Journal file: C:/Users/datda/Downloads/jit_intern/i2c_controller\vivado.jou
#-----------------------------------------------------------
start_gui
open_project C:/Users/datda/Downloads/jit_intern/i2c_controller/i2c_controller.xpr
update_compile_order -fileset sources_1
set_property SOURCE_SET sources_1 [get_filesets sim_1]
close [ open C:/Users/datda/Downloads/jit_intern/i2c_controller/i2c_controller.srcs/sim_1/new/i2c_master_tb.v w ]
add_files -fileset sim_1 C:/Users/datda/Downloads/jit_intern/i2c_controller/i2c_controller.srcs/sim_1/new/i2c_master_tb.v
update_compile_order -fileset sim_1
launch_simulation
# Disabling source management mode.  This is to allow the top design properties to be set without GUI intervention.
set_property source_mgmt_mode None [current_project]
set_property top i2c_master_tb [get_filesets sim_1]
set_property top_lib xil_defaultlib [get_filesets sim_1]
# Re-enabling previously disabled source management mode.
set_property source_mgmt_mode All [current_project]
update_compile_order -fileset sim_1
launch_simulation
launch_simulation
source i2c_master_tb.tcl
run 10 us
run 10 us
run 10 us
run 1 s
step
step
step
step
step
step
step
close_sim
launch_simulation
source i2c_master_tb.tcl
clear
quit
