#-----------------------------------------------------------
# Vivado v2019.2 (64-bit)
# SW Build 2708876 on Wed Nov  6 21:40:23 MST 2019
# IP Build 2700528 on Thu Nov  7 00:09:20 MST 2019
# Start of session at: Fri Aug 15 13:45:55 2025
# Process ID: 12836
# Current directory: C:/Users/datda/Downloads/jit_intern/bcd2led7seg
# Command line: vivado.exe -gui_launcher_event rodinguilauncherevent1444 C:\Users\datda\Downloads\jit_intern\bcd2led7seg\bcd2led7seg.xpr
# Log file: C:/Users/datda/Downloads/jit_intern/bcd2led7seg/vivado.log
# Journal file: C:/Users/datda/Downloads/jit_intern/bcd2led7seg\vivado.jou
#-----------------------------------------------------------
start_gui
open_project C:/Users/datda/Downloads/jit_intern/bcd2led7seg/bcd2led7seg.xpr
update_compile_order -fileset sources_1
synth_design -rtl -name rtl_1
reset_run synth_1
launch_runs synth_1 -jobs 12
wait_on_run synth_1
launch_runs impl_1 -jobs 12
wait_on_run impl_1
launch_runs impl_1 -to_step write_bitstream -jobs 12
wait_on_run impl_1
open_hw_manager
connect_hw_server -allow_non_jtag
open_hw_target
set_property PROGRAM.FILE {C:/Users/datda/Downloads/jit_intern/bcd2led7seg/bcd2led7seg.runs/impl_1/bcd2led7seg.bit} [get_hw_devices xc7a100t_0]
current_hw_device [get_hw_devices xc7a100t_0]
refresh_hw_device -update_hw_probes false [lindex [get_hw_devices xc7a100t_0] 0]
set_property PROBES.FILE {} [get_hw_devices xc7a100t_0]
set_property FULL_PROBES.FILE {} [get_hw_devices xc7a100t_0]
set_property PROGRAM.FILE {C:/Users/datda/Downloads/jit_intern/bcd2led7seg/bcd2led7seg.runs/impl_1/bcd2led7seg.bit} [get_hw_devices xc7a100t_0]
program_hw_devices [get_hw_devices xc7a100t_0]
refresh_hw_device [lindex [get_hw_devices xc7a100t_0] 0]
set_property PROBES.FILE {} [get_hw_devices xc7a100t_0]
set_property FULL_PROBES.FILE {} [get_hw_devices xc7a100t_0]
set_property PROGRAM.FILE {C:/Users/datda/Downloads/jit_intern/bcd2led7seg/bcd2led7seg.runs/impl_1/bcd2led7seg.bit} [get_hw_devices xc7a100t_0]
program_hw_devices [get_hw_devices xc7a100t_0]
refresh_hw_device [lindex [get_hw_devices xc7a100t_0] 0]
set_property PROBES.FILE {} [get_hw_devices xc7a100t_0]
set_property FULL_PROBES.FILE {} [get_hw_devices xc7a100t_0]
set_property PROGRAM.FILE {C:/Users/datda/Downloads/jit_intern/bcd2led7seg/bcd2led7seg.runs/impl_1/bcd2led7seg.bit} [get_hw_devices xc7a100t_0]
program_hw_devices [get_hw_devices xc7a100t_0]
refresh_hw_device [lindex [get_hw_devices xc7a100t_0] 0]
set_property PROBES.FILE {} [get_hw_devices xc7a100t_0]
set_property FULL_PROBES.FILE {} [get_hw_devices xc7a100t_0]
set_property PROGRAM.FILE {C:/Users/datda/Downloads/jit_intern/bcd2led7seg/bcd2led7seg.runs/impl_1/bcd2led7seg.bit} [get_hw_devices xc7a100t_0]
program_hw_devices [get_hw_devices xc7a100t_0]
refresh_hw_device [lindex [get_hw_devices xc7a100t_0] 0]
close_hw_manager
refresh_design
reset_run synth_1
launch_runs synth_1 -jobs 12
wait_on_run synth_1
launch_runs impl_1 -jobs 12
wait_on_run impl_1
launch_runs impl_1 -to_step write_bitstream -jobs 12
wait_on_run impl_1
open_hw_manager
connect_hw_server -allow_non_jtag
open_hw_target
set_property PROGRAM.FILE {C:/Users/datda/Downloads/jit_intern/bcd2led7seg/bcd2led7seg.runs/impl_1/bcd2led7seg.bit} [get_hw_devices xc7a100t_0]
current_hw_device [get_hw_devices xc7a100t_0]
refresh_hw_device -update_hw_probes false [lindex [get_hw_devices xc7a100t_0] 0]
set_property PROBES.FILE {} [get_hw_devices xc7a100t_0]
set_property FULL_PROBES.FILE {} [get_hw_devices xc7a100t_0]
set_property PROGRAM.FILE {C:/Users/datda/Downloads/jit_intern/bcd2led7seg/bcd2led7seg.runs/impl_1/bcd2led7seg.bit} [get_hw_devices xc7a100t_0]
program_hw_devices [get_hw_devices xc7a100t_0]
refresh_hw_device [lindex [get_hw_devices xc7a100t_0] 0]
close_hw_manager
refresh_design
reset_run synth_1
launch_runs synth_1 -jobs 12
wait_on_run synth_1
launch_runs impl_1 -jobs 12
wait_on_run impl_1
launch_runs impl_1 -to_step write_bitstream -jobs 12
wait_on_run impl_1
open_hw_manager
connect_hw_server -allow_non_jtag
open_hw_target
set_property PROGRAM.FILE {C:/Users/datda/Downloads/jit_intern/bcd2led7seg/bcd2led7seg.runs/impl_1/bcd2led7seg.bit} [get_hw_devices xc7a100t_0]
current_hw_device [get_hw_devices xc7a100t_0]
refresh_hw_device -update_hw_probes false [lindex [get_hw_devices xc7a100t_0] 0]
set_property PROBES.FILE {} [get_hw_devices xc7a100t_0]
set_property FULL_PROBES.FILE {} [get_hw_devices xc7a100t_0]
set_property PROGRAM.FILE {C:/Users/datda/Downloads/jit_intern/bcd2led7seg/bcd2led7seg.runs/impl_1/bcd2led7seg.bit} [get_hw_devices xc7a100t_0]
program_hw_devices [get_hw_devices xc7a100t_0]
refresh_hw_device [lindex [get_hw_devices xc7a100t_0] 0]
close_hw_manager
refresh_design
reset_run synth_1
launch_runs synth_1 -jobs 12
wait_on_run synth_1
launch_runs impl_1 -jobs 12
wait_on_run impl_1
launch_runs impl_1 -to_step write_bitstream -jobs 12
wait_on_run impl_1
open_hw_manager
connect_hw_server -allow_non_jtag
open_hw_target
set_property PROGRAM.FILE {C:/Users/datda/Downloads/jit_intern/bcd2led7seg/bcd2led7seg.runs/impl_1/bcd2led7seg.bit} [get_hw_devices xc7a100t_0]
current_hw_device [get_hw_devices xc7a100t_0]
refresh_hw_device -update_hw_probes false [lindex [get_hw_devices xc7a100t_0] 0]
set_property PROBES.FILE {} [get_hw_devices xc7a100t_0]
set_property FULL_PROBES.FILE {} [get_hw_devices xc7a100t_0]
set_property PROGRAM.FILE {C:/Users/datda/Downloads/jit_intern/bcd2led7seg/bcd2led7seg.runs/impl_1/bcd2led7seg.bit} [get_hw_devices xc7a100t_0]
program_hw_devices [get_hw_devices xc7a100t_0]
refresh_hw_device [lindex [get_hw_devices xc7a100t_0] 0]
close_hw_manager
refresh_design
reset_run synth_1
launch_runs synth_1 -jobs 12
wait_on_run synth_1
launch_runs impl_1 -jobs 12
wait_on_run impl_1
launch_runs impl_1 -to_step write_bitstream -jobs 12
wait_on_run impl_1
open_hw_manager
connect_hw_server -allow_non_jtag
open_hw_target
set_property PROGRAM.FILE {C:/Users/datda/Downloads/jit_intern/bcd2led7seg/bcd2led7seg.runs/impl_1/bcd2led7seg.bit} [get_hw_devices xc7a100t_0]
current_hw_device [get_hw_devices xc7a100t_0]
refresh_hw_device -update_hw_probes false [lindex [get_hw_devices xc7a100t_0] 0]
set_property PROBES.FILE {} [get_hw_devices xc7a100t_0]
set_property FULL_PROBES.FILE {} [get_hw_devices xc7a100t_0]
set_property PROGRAM.FILE {C:/Users/datda/Downloads/jit_intern/bcd2led7seg/bcd2led7seg.runs/impl_1/bcd2led7seg.bit} [get_hw_devices xc7a100t_0]
program_hw_devices [get_hw_devices xc7a100t_0]
refresh_hw_device [lindex [get_hw_devices xc7a100t_0] 0]
close_hw_manager
refresh_design
reset_run synth_1
launch_runs synth_1 -jobs 12
wait_on_run synth_1
launch_runs impl_1 -jobs 12
wait_on_run impl_1
launch_runs impl_1 -to_step write_bitstream -jobs 12
wait_on_run impl_1
open_hw_manager
connect_hw_server -allow_non_jtag
open_hw_target
set_property PROGRAM.FILE {C:/Users/datda/Downloads/jit_intern/bcd2led7seg/bcd2led7seg.runs/impl_1/bcd2led7seg.bit} [get_hw_devices xc7a100t_0]
current_hw_device [get_hw_devices xc7a100t_0]
refresh_hw_device -update_hw_probes false [lindex [get_hw_devices xc7a100t_0] 0]
set_property PROBES.FILE {} [get_hw_devices xc7a100t_0]
set_property FULL_PROBES.FILE {} [get_hw_devices xc7a100t_0]
set_property PROGRAM.FILE {C:/Users/datda/Downloads/jit_intern/bcd2led7seg/bcd2led7seg.runs/impl_1/bcd2led7seg.bit} [get_hw_devices xc7a100t_0]
program_hw_devices [get_hw_devices xc7a100t_0]
refresh_hw_device [lindex [get_hw_devices xc7a100t_0] 0]
close_hw_manager
refresh_design
reset_run synth_1
launch_runs synth_1 -jobs 12
wait_on_run synth_1
launch_runs impl_1 -jobs 12
wait_on_run impl_1
launch_runs impl_1 -to_step write_bitstream -jobs 12
wait_on_run impl_1
open_hw_manager
connect_hw_server -allow_non_jtag
open_hw_target
set_property PROGRAM.FILE {C:/Users/datda/Downloads/jit_intern/bcd2led7seg/bcd2led7seg.runs/impl_1/bcd2led7seg.bit} [get_hw_devices xc7a100t_0]
current_hw_device [get_hw_devices xc7a100t_0]
refresh_hw_device -update_hw_probes false [lindex [get_hw_devices xc7a100t_0] 0]
set_property PROBES.FILE {} [get_hw_devices xc7a100t_0]
set_property FULL_PROBES.FILE {} [get_hw_devices xc7a100t_0]
set_property PROGRAM.FILE {C:/Users/datda/Downloads/jit_intern/bcd2led7seg/bcd2led7seg.runs/impl_1/bcd2led7seg.bit} [get_hw_devices xc7a100t_0]
program_hw_devices [get_hw_devices xc7a100t_0]
refresh_hw_device [lindex [get_hw_devices xc7a100t_0] 0]
close_hw_manager
refresh_design
reset_run synth_1
launch_runs synth_1 -jobs 12
wait_on_run synth_1
launch_runs impl_1 -jobs 12
wait_on_run impl_1
launch_runs impl_1 -to_step write_bitstream -jobs 12
wait_on_run impl_1
open_hw_manager
connect_hw_server -allow_non_jtag
open_hw_target
set_property PROGRAM.FILE {C:/Users/datda/Downloads/jit_intern/bcd2led7seg/bcd2led7seg.runs/impl_1/bcd2led7seg.bit} [get_hw_devices xc7a100t_0]
current_hw_device [get_hw_devices xc7a100t_0]
refresh_hw_device -update_hw_probes false [lindex [get_hw_devices xc7a100t_0] 0]
set_property PROBES.FILE {} [get_hw_devices xc7a100t_0]
set_property FULL_PROBES.FILE {} [get_hw_devices xc7a100t_0]
set_property PROGRAM.FILE {C:/Users/datda/Downloads/jit_intern/bcd2led7seg/bcd2led7seg.runs/impl_1/bcd2led7seg.bit} [get_hw_devices xc7a100t_0]
program_hw_devices [get_hw_devices xc7a100t_0]
refresh_hw_device [lindex [get_hw_devices xc7a100t_0] 0]
close_hw_manager
refresh_design
reset_run synth_1
launch_runs synth_1 -jobs 12
wait_on_run synth_1
launch_runs impl_1 -jobs 12
wait_on_run impl_1
launch_runs impl_1 -to_step write_bitstream -jobs 12
wait_on_run impl_1
open_hw_manager
connect_hw_server -allow_non_jtag
open_hw_target
set_property PROGRAM.FILE {C:/Users/datda/Downloads/jit_intern/bcd2led7seg/bcd2led7seg.runs/impl_1/bcd2led7seg.bit} [get_hw_devices xc7a100t_0]
current_hw_device [get_hw_devices xc7a100t_0]
refresh_hw_device -update_hw_probes false [lindex [get_hw_devices xc7a100t_0] 0]
set_property PROBES.FILE {} [get_hw_devices xc7a100t_0]
set_property FULL_PROBES.FILE {} [get_hw_devices xc7a100t_0]
set_property PROGRAM.FILE {C:/Users/datda/Downloads/jit_intern/bcd2led7seg/bcd2led7seg.runs/impl_1/bcd2led7seg.bit} [get_hw_devices xc7a100t_0]
program_hw_devices [get_hw_devices xc7a100t_0]
refresh_hw_device [lindex [get_hw_devices xc7a100t_0] 0]
close_hw_manager
refresh_design
reset_run synth_1
launch_runs synth_1 -jobs 12
wait_on_run synth_1
launch_runs impl_1 -jobs 12
wait_on_run impl_1
launch_runs impl_1 -to_step write_bitstream -jobs 12
wait_on_run impl_1
open_hw_manager
connect_hw_server -allow_non_jtag
open_hw_target
set_property PROGRAM.FILE {C:/Users/datda/Downloads/jit_intern/bcd2led7seg/bcd2led7seg.runs/impl_1/bcd2led7seg.bit} [get_hw_devices xc7a100t_0]
current_hw_device [get_hw_devices xc7a100t_0]
refresh_hw_device -update_hw_probes false [lindex [get_hw_devices xc7a100t_0] 0]
set_property PROBES.FILE {} [get_hw_devices xc7a100t_0]
set_property FULL_PROBES.FILE {} [get_hw_devices xc7a100t_0]
set_property PROGRAM.FILE {C:/Users/datda/Downloads/jit_intern/bcd2led7seg/bcd2led7seg.runs/impl_1/bcd2led7seg.bit} [get_hw_devices xc7a100t_0]
program_hw_devices [get_hw_devices xc7a100t_0]
refresh_hw_device [lindex [get_hw_devices xc7a100t_0] 0]
close_hw_manager
refresh_design
reset_run synth_1
launch_runs synth_1 -jobs 12
wait_on_run synth_1
launch_runs impl_1 -jobs 12
wait_on_run impl_1
launch_runs impl_1 -to_step write_bitstream -jobs 12
wait_on_run impl_1
open_hw_manager
connect_hw_server -allow_non_jtag
open_hw_target
set_property PROGRAM.FILE {C:/Users/datda/Downloads/jit_intern/bcd2led7seg/bcd2led7seg.runs/impl_1/bcd2led7seg.bit} [get_hw_devices xc7a100t_0]
current_hw_device [get_hw_devices xc7a100t_0]
refresh_hw_device -update_hw_probes false [lindex [get_hw_devices xc7a100t_0] 0]
set_property PROBES.FILE {} [get_hw_devices xc7a100t_0]
set_property FULL_PROBES.FILE {} [get_hw_devices xc7a100t_0]
set_property PROGRAM.FILE {C:/Users/datda/Downloads/jit_intern/bcd2led7seg/bcd2led7seg.runs/impl_1/bcd2led7seg.bit} [get_hw_devices xc7a100t_0]
program_hw_devices [get_hw_devices xc7a100t_0]
refresh_hw_device [lindex [get_hw_devices xc7a100t_0] 0]
export_ip_user_files -of_objects  [get_files C:/Users/datda/Downloads/jit_intern/bcd2led7seg/bcd2led7seg.srcs/sim_1/new/bcd2led7seg_tb.v] -no_script -reset -force -quiet
remove_files  -fileset sim_1 C:/Users/datda/Downloads/jit_intern/bcd2led7seg/bcd2led7seg.srcs/sim_1/new/bcd2led7seg_tb.v
set_property SOURCE_SET sources_1 [get_filesets sim_1]
close [ open C:/Users/datda/Downloads/jit_intern/bcd2led7seg/bcd2led7seg.srcs/sim_1/new/seven_seg_controller_tb.v w ]
add_files -fileset sim_1 C:/Users/datda/Downloads/jit_intern/bcd2led7seg/bcd2led7seg.srcs/sim_1/new/seven_seg_controller_tb.v
update_compile_order -fileset sim_1
launch_simulation
source bcd2led7seg.tcl
close_sim
launch_simulation
source bcd2led7seg.tcl
close_sim
launch_simulation
source bcd2led7seg.tcl
# Disabling source management mode.  This is to allow the top design properties to be set without GUI intervention.
set_property source_mgmt_mode None [current_project]
set_property top seven_seg_controller_tb [get_filesets sim_1]
set_property top_lib xil_defaultlib [get_filesets sim_1]
# Re-enabling previously disabled source management mode.
set_property source_mgmt_mode All [current_project]
update_compile_order -fileset sim_1
launch_simulation
close_sim
launch_simulation
source seven_seg_controller_tb.tcl
close_sim
launch_simulation
source seven_seg_controller_tb.tcl
close_sim
# Disabling source management mode.  This is to allow the top design properties to be set without GUI intervention.
set_property source_mgmt_mode None [current_project]
set_property top seven_seg_controller_pwm_tb [get_filesets sim_1]
set_property top_lib xil_defaultlib [get_filesets sim_1]
# Re-enabling previously disabled source management mode.
set_property source_mgmt_mode All [current_project]
launch_simulation
source seven_seg_controller_pwm_tb.tcl
relaunch_sim
step
step
run all
run 1 s
relaunch_sim
restart
run all
close_sim
update_compile_order -fileset sim_1
# Disabling source management mode.  This is to allow the top design properties to be set without GUI intervention.
set_property source_mgmt_mode None [current_project]
set_property top seven_seg_controller_tb [get_filesets sim_1]
set_property top_lib xil_defaultlib [get_filesets sim_1]
# Re-enabling previously disabled source management mode.
set_property source_mgmt_mode All [current_project]
update_compile_order -fileset sim_1
launch_simulation
source seven_seg_controller_tb.tcl
relaunch_sim
add_bp {C:/Users/datda/Downloads/jit_intern/bcd2led7seg/bcd2led7seg.srcs/sim_1/new/seven_seg_controller_tb.v} 63
add_bp {C:/Users/datda/Downloads/jit_intern/bcd2led7seg/bcd2led7seg.srcs/sim_1/new/seven_seg_controller_tb.v} 62
remove_bps -file {C:/Users/datda/Downloads/jit_intern/bcd2led7seg/bcd2led7seg.srcs/sim_1/new/seven_seg_controller_tb.v} -line 63
add_bp {C:/Users/datda/Downloads/jit_intern/bcd2led7seg/bcd2led7seg.srcs/sim_1/new/seven_seg_controller_tb.v} 63
add_bp {C:/Users/datda/Downloads/jit_intern/bcd2led7seg/bcd2led7seg.srcs/sim_1/new/seven_seg_controller_tb.v} 65
add_bp {C:/Users/datda/Downloads/jit_intern/bcd2led7seg/bcd2led7seg.srcs/sim_1/new/seven_seg_controller_tb.v} 66
add_bp {C:/Users/datda/Downloads/jit_intern/bcd2led7seg/bcd2led7seg.srcs/sim_1/new/seven_seg_controller_tb.v} 75
add_bp {C:/Users/datda/Downloads/jit_intern/bcd2led7seg/bcd2led7seg.srcs/sim_1/new/seven_seg_controller_tb.v} 78
relaunch_sim
add_bp {C:/Users/datda/Downloads/jit_intern/bcd2led7seg/bcd2led7seg.srcs/sim_1/new/seven_seg_controller_tb.v} 64
run all
run all
run all
run all
add_bp {C:/Users/datda/Downloads/jit_intern/bcd2led7seg/bcd2led7seg.srcs/sim_1/new/seven_seg_controller_tb.v} 67
run all
remove_bps -file {C:/Users/datda/Downloads/jit_intern/bcd2led7seg/bcd2led7seg.srcs/sim_1/new/seven_seg_controller_tb.v} -line 67
remove_bps -file {C:/Users/datda/Downloads/jit_intern/bcd2led7seg/bcd2led7seg.srcs/sim_1/new/seven_seg_controller_tb.v} -line 66
remove_bps -file {C:/Users/datda/Downloads/jit_intern/bcd2led7seg/bcd2led7seg.srcs/sim_1/new/seven_seg_controller_tb.v} -line 65
remove_bps -file {C:/Users/datda/Downloads/jit_intern/bcd2led7seg/bcd2led7seg.srcs/sim_1/new/seven_seg_controller_tb.v} -line 64
remove_bps -file {C:/Users/datda/Downloads/jit_intern/bcd2led7seg/bcd2led7seg.srcs/sim_1/new/seven_seg_controller_tb.v} -line 63
remove_bps -file {C:/Users/datda/Downloads/jit_intern/bcd2led7seg/bcd2led7seg.srcs/sim_1/new/seven_seg_controller_tb.v} -line 62
run 1 s
remove_bps -file {C:/Users/datda/Downloads/jit_intern/bcd2led7seg/bcd2led7seg.srcs/sim_1/new/seven_seg_controller_tb.v} -line 75
remove_bps -file {C:/Users/datda/Downloads/jit_intern/bcd2led7seg/bcd2led7seg.srcs/sim_1/new/seven_seg_controller_tb.v} -line 78
run 1 s
relaunch_sim
run 1 ns
run 1 ns
run 1 ns
run 1 us
run 1 us
run 1 us
run 1 us
run 1 us
run 1 us
relaunch_sim
close_sim
