#-----------------------------------------------------------
# Vivado v2019.2 (64-bit)
# SW Build 2708876 on Wed Nov  6 21:40:23 MST 2019
# IP Build 2700528 on Thu Nov  7 00:09:20 MST 2019
# Start of session at: Fri Nov  7 13:42:02 2025
# Process ID: 7396
# Current directory: C:/Users/datda/Downloads/jit_intern/spi_adxl362_controller/spi_adxl362_controller
# Command line: vivado.exe -gui_launcher_event rodinguilauncherevent15460 C:\Users\datda\Downloads\jit_intern\spi_adxl362_controller\spi_adxl362_controller\spi_adxl362_controller.xpr
# Log file: C:/Users/datda/Downloads/jit_intern/spi_adxl362_controller/spi_adxl362_controller/vivado.log
# Journal file: C:/Users/datda/Downloads/jit_intern/spi_adxl362_controller/spi_adxl362_controller\vivado.jou
#-----------------------------------------------------------
start_gui
open_project C:/Users/datda/Downloads/jit_intern/spi_adxl362_controller/spi_adxl362_controller/spi_adxl362_controller.xpr
update_compile_order -fileset sources_1
open_hw_manager
connect_hw_server -allow_non_jtag
open_hw_target
set_property PROGRAM.FILE {C:/Users/datda/Downloads/jit_intern/spi_adxl362_controller/spi_adxl362_controller/spi_adxl362_controller.runs/impl_1/top.bit} [get_hw_devices xc7a100t_0]
current_hw_device [get_hw_devices xc7a100t_0]
refresh_hw_device -update_hw_probes false [lindex [get_hw_devices xc7a100t_0] 0]
set_property PROBES.FILE {} [get_hw_devices xc7a100t_0]
set_property FULL_PROBES.FILE {} [get_hw_devices xc7a100t_0]
set_property PROGRAM.FILE {C:/Users/datda/Downloads/jit_intern/spi_adxl362_controller/spi_adxl362_controller/spi_adxl362_controller.runs/impl_1/top.bit} [get_hw_devices xc7a100t_0]
program_hw_devices [get_hw_devices xc7a100t_0]
refresh_hw_device [lindex [get_hw_devices xc7a100t_0] 0]
close_project
open_project C:/Users/datda/Downloads/jit_intern/i2c_adt7420_controller/i2c_adt7420_controller/i2c_adt7420_controller.xpr
update_compile_order -fileset sources_1
open_hw_manager
connect_hw_server -allow_non_jtag
open_hw_target
set_property PROGRAM.FILE {C:\Users\datda\Downloads\SPI_I2C_20231225_bk.bit} [get_hw_devices xc7a100t_0]
current_hw_device [get_hw_devices xc7a100t_0]
refresh_hw_device -update_hw_probes false [lindex [get_hw_devices xc7a100t_0] 0]
set_property PROBES.FILE {} [get_hw_devices xc7a100t_0]
set_property FULL_PROBES.FILE {} [get_hw_devices xc7a100t_0]
set_property PROGRAM.FILE {C:/Users/datda/Downloads/jit_intern/i2c_adt7420_controller/i2c_adt7420_controller/i2c_adt7420_controller.runs/impl_1/i2c_adt7420_controller.bit} [get_hw_devices xc7a100t_0]
program_hw_devices [get_hw_devices xc7a100t_0]
refresh_hw_device [lindex [get_hw_devices xc7a100t_0] 0]
close_project
open_project C:/Users/datda/Downloads/jit_intern/spi_adxl362_controller/spi_adxl362_controller/spi_adxl362_controller.xpr
update_compile_order -fileset sources_1
reset_run synth_1
launch_runs synth_1 -jobs 6
wait_on_run synth_1
launch_runs impl_1 -jobs 6
wait_on_run impl_1
launch_runs impl_1 -to_step write_bitstream -jobs 6
wait_on_run impl_1
open_hw_manager
connect_hw_server -allow_non_jtag
open_hw_target
set_property PROGRAM.FILE {C:/Users/datda/Downloads/jit_intern/spi_adxl362_controller/spi_adxl362_controller/spi_adxl362_controller.runs/impl_1/top.bit} [get_hw_devices xc7a100t_0]
current_hw_device [get_hw_devices xc7a100t_0]
refresh_hw_device -update_hw_probes false [lindex [get_hw_devices xc7a100t_0] 0]
set_property PROBES.FILE {} [get_hw_devices xc7a100t_0]
set_property FULL_PROBES.FILE {} [get_hw_devices xc7a100t_0]
set_property PROGRAM.FILE {C:/Users/datda/Downloads/jit_intern/spi_adxl362_controller/spi_adxl362_controller/spi_adxl362_controller.runs/impl_1/top.bit} [get_hw_devices xc7a100t_0]
program_hw_devices [get_hw_devices xc7a100t_0]
refresh_hw_device [lindex [get_hw_devices xc7a100t_0] 0]
set_property PROBES.FILE {} [get_hw_devices xc7a100t_0]
set_property FULL_PROBES.FILE {} [get_hw_devices xc7a100t_0]
set_property PROGRAM.FILE {C:/Users/datda/Downloads/jit_intern/spi_adxl362_controller/spi_adxl362_controller/spi_adxl362_controller.runs/impl_1/top.bit} [get_hw_devices xc7a100t_0]
program_hw_devices [get_hw_devices xc7a100t_0]
refresh_hw_device [lindex [get_hw_devices xc7a100t_0] 0]
set_property PROBES.FILE {} [get_hw_devices xc7a100t_0]
set_property FULL_PROBES.FILE {} [get_hw_devices xc7a100t_0]
set_property PROGRAM.FILE {C:/Users/datda/Downloads/jit_intern/spi_adxl362_controller/spi_adxl362_controller/spi_adxl362_controller.runs/impl_1/top.bit} [get_hw_devices xc7a100t_0]
program_hw_devices [get_hw_devices xc7a100t_0]
refresh_hw_device [lindex [get_hw_devices xc7a100t_0] 0]
close_hw_manager
